[moc.sg/index.html]
[backblue.gif]
[fade.gif]
[index.html]
[moc.sg/wp-content/uploads/2015/08/favicon.png]
[moc.sg/wp-content/plugins/LayerSlider/static/css/layerslider9dff.css]
[moc.sg/wp-content/plugins/contact-form-7/includes/css/stylesef15.css]
[moc.sg/wp-content/themes/bridge/style62a7.css]
[moc.sg/feed/index.html]
[moc.sg/wp-content/themes/bridge/css/font-awesome/css/font-awesome.min62a7.css]
[moc.sg/wp-content/themes/bridge/css/elegant-icons/style.min62a7.css]
[moc.sg/wp-content/themes/bridge/css/stylesheet.min62a7.css]
[moc.sg/wp-content/themes/bridge/css/webkit_stylesheet62a7.css]
[moc.sg/comments/feed/index.html]
[moc.sg/home/feed/index.html]
[moc.sg/wp-content/themes/bridge/css/style_dynamic62a7.css]
[moc.sg/wp-content/themes/bridge/css/responsive.min62a7.css]
[moc.sg/wp-content/themes/bridge/css/style_dynamic_responsive62a7.css]
[moc.sg/wp-content/plugins/js_composer/assets/css/js_composer.minc422.css]
[ajax.googleapis.com/ajax/libs/jquery/1.11.3/jquery.minc1d8.js]
[moc.sg/wp-content/plugins/LayerSlider/static/js/layerslider.transitions9dff.js]
[moc.sg/xmlrpc0db0.php]
[moc.sg/wp-json/index.html]
[moc.sg/wp-includes/wlwmanifest.xml]
[moc.sg/wp-content/plugins/LayerSlider/static/js/layerslider.kreaturamedia.jquery9dff.js]
[moc.sg/wp-content/plugins/LayerSlider/static/js/greensockcd11.js]
[moc.sg/wp-json/oembed/1.0/embeda612.json]
[moc.sg/wp-json/oembed/1.0/embed7ff3]
[www.google-analytics.com/analytics.js]
[moc.sg/wp-content/uploads/2015/08/MOC-LOGO.png]
[rum-static.pingdom.net/prum.min.js]
[moc.sg/wp-content/themes/bridge/img/logo_black.png]
[moc.sg/wp-content/plugins/LayerSlider/static/img/blank.gif]
[moc.sg/wp-content/uploads/2014/05/imgbox1.jpg]
[moc.sg/wp-content/uploads/2014/05/imgbox2.jpg]
[moc.sg/story/index.html]
[moc.sg/wp-content/uploads/2014/05/imgbox3.jpg]
[moc.sg/services/index.html]
[moc.sg/wp-content/themes/bridge/js/qode-like.min62a7.js]
[moc.sg/wp-content/plugins/contact-form-7/includes/js/scriptsef15.js]
[moc.sg/contract-cleaning/index.html]
[moc.sg/wp-content/themes/bridge/js/lemmon-slider.min62a7.js]
[moc.sg/wp-content/themes/bridge/js/jquery.carouFredSel-6.2.1.min62a7.js]
[moc.sg/office-cleaning/index.html]
[moc.sg/one-time-cleaning/index.html]
[moc.sg/wp-content/themes/bridge/js/jquery.mousewheel.min62a7.js]
[moc.sg/showroom-cleaning/index.html]
[moc.sg/wp-content/themes/bridge/js/jquery.fullPage.min62a7.js]
[moc.sg/academy/index.html]
[moc.sg/image-gallery/index.html]
[moc.sg/contact/index.html]
[moc.sg/wp-content/themes/bridge/js/jquery.touchSwipe.min62a7.js]
[moc.sg/wp-content/themes/bridge/js/ScrollToPlugin.min62a7.js]
[moc.sg/wp-content/themes/bridge/js/TweenLite.min62a7.js]
[moc.sg/wp-content/plugins/js_composer/assets/lib/bower/isotope/dist/isotope.pkgd.minc422.js]
[moc.sg/wp-content/themes/bridge/js/smoothPageScroll.min62a7.js]
[moc.sg/wp-content/themes/bridge/js/default_dynamic62a7.js]
[moc.sg/wp-content/themes/bridge/js/custom_js62a7.js]
[moc.sg/wp-includes/js/comment-reply.min62a7.js]
[moc.sg/index.html]
[moc.sg/wp-includes/js/wp-embed.min62a7.js]
[moc.sg/xmlrpc.php]
[moc.sg/wp-content/plugins/js_composer/assets/js/dist/js_composer_front.minc422.js]
[moc.sg/wp-content/plugins/LayerSlider/static/css/blank.gif]
[moc.sg/wp-content/plugins/LayerSlider/static/css/layerslider9dff.css]
[moc.sg/wp-content/plugins/contact-form-7/images/ajax-loader.gif]
[moc.sg/wp-content/plugins/contact-form-7/includes/css/stylesef15.css]
[moc.sg/wp-content/themes/bridge/style62a7.css]
[moc.sg/wp-content/themes/bridge/js/default.min62a7.js]
[moc.sg/wp-content/themes/bridge/css/font-awesome/fonts/fontawesome-webfont93e3.woff]
[moc.sg/wp-content/themes/bridge/css/font-awesome/fonts/fontawesome-webfont93e3.eot]
[moc.sg/wp-content/themes/bridge/css/font-awesome/fonts/fontawesome-webfontd41d.eot]
[moc.sg/wp-content/themes/bridge/css/font-awesome/css/font-awesome.min62a7.css]
[moc.sg/wp-content/themes/bridge/css/elegant-icons/fonts/ElegantIcons.woff]
[moc.sg/wp-content/themes/bridge/js/plugins62a7.js]
[moc.sg/wp-content/themes/bridge/css/elegant-icons/fonts/ElegantIcons.eot]
[moc.sg/wp-content/themes/bridge/css/elegant-icons/fonts/ElegantIcons.svg]
[moc.sg/wp-content/themes/bridge/css/elegant-icons/style.min62a7.css]
[moc.sg/wp-content/themes/bridge/css/img/pixel-video.png]
[moc.sg/wp-content/themes/bridge/css/img/portfolio_list_button.png]
[moc.sg/wp-content/themes/bridge/css/img/portfolio_list_button_hover.png]
[moc.sg/wp-content/themes/bridge/css/img/portfolio_list_button@1_5x.png]
[moc.sg/wp-content/themes/bridge/css/img/portfolio_list_button_hover@1_5x.png]
[moc.sg/wp-content/themes/bridge/css/img/portfolio_list_button@2x.png]
[moc.sg/wp-content/themes/bridge/css/img/portfolio_list_button_hover@2x.png]
[moc.sg/wp-content/themes/bridge/css/img/button-bg-px.png]
[moc.sg/wp-content/themes/bridge/css/img/cursor_plus.png]
[moc.sg/wp-content/themes/bridge/css/img/plus.png]
[moc.sg/wp-content/themes/bridge/css/img/minus.png]
[moc.sg/wp-content/themes/bridge/css/img/plus@1_5x.png]
[moc.sg/wp-content/themes/bridge/css/img/minus@1_5x.png]
[moc.sg/wp-content/themes/bridge/css/img/plus@2x.png]
[moc.sg/wp-content/themes/bridge/css/img/minus@2x.png]
[moc.sg/wp-content/themes/bridge/css/img/desaturate.svg]
[moc.sg/wp-content/themes/bridge/css/img/close_side_menu.png]
[moc.sg/wp-content/themes/bridge/css/img/close_side_menu@2x.png]
[moc.sg/wp-content/themes/bridge/css/img/close_side_menu_dark.png]
[moc.sg/wp-content/themes/bridge/css/img/close_side_menu_dark@2x.png]
[moc.sg/wp-content/themes/bridge/css/img/prettyPhoto/sprite.png]
[moc.sg/wp-content/themes/bridge/css/img/prettyPhoto/sprite_x.png]
[moc.sg/wp-content/themes/bridge/css/img/prettyPhoto/sprite_y.png]
[moc.sg/wp-content/themes/bridge/css/img/prettyPhoto/sprite_next.png]
[moc.sg/wp-content/themes/bridge/css/img/prettyPhoto/sprite_prev.png]
[moc.sg/wp-content/themes/bridge/css/img/prettyPhoto/default_thumb.png]
[moc.sg/wp-content/themes/bridge/css/img/prettyPhoto/loader.gif]
[moc.sg/wp-content/themes/bridge/css/img/audio/controls.png]
[moc.sg/wp-content/themes/bridge/css/img/audio/play.png]
[moc.sg/wp-content/themes/bridge/css/img/audio/pause.png]
[moc.sg/wp-content/themes/bridge/css/img/audio/stop.png]
[moc.sg/wp-content/themes/bridge/css/img/audio/sound.png]
[moc.sg/wp-content/themes/bridge/css/img/audio/mute.png]
[moc.sg/wp-content/themes/bridge/css/img/wc_select_arrow.png]
[moc.sg/wp-content/themes/bridge/css/img/wc_select_arrow_footer.png]
[moc.sg/wp-content/themes/bridge/css/img/frame_arrow_right.png]
[moc.sg/wp-content/themes/bridge/css/img/frame_arrow_right_hover.png]
[moc.sg/wp-content/themes/bridge/css/img/frame_arrow_left.png]
[moc.sg/wp-content/themes/bridge/css/img/frame_arrow_left_hover.png]
[moc.sg/wp-content/themes/bridge/css/img/frame_arrow_left@1_5x.png]
[moc.sg/wp-content/themes/bridge/css/img/frame_arrow_left_hover@1_5x.png]
[moc.sg/wp-content/themes/bridge/css/img/frame_arrow_right@1_5x.png]
[moc.sg/wp-content/themes/bridge/css/img/frame_arrow_right_hover@1_5x.png]
[moc.sg/wp-content/themes/bridge/css/img/frame_arrow_left@2x.png]
[moc.sg/wp-content/themes/bridge/css/img/frame_arrow_left_hover@2x.png]
[moc.sg/wp-content/themes/bridge/css/img/frame_arrow_right@2x.png]
[moc.sg/wp-content/themes/bridge/css/img/frame_arrow_right_hover@2x.png]
[moc.sg/wp-content/themes/bridge/css/img/content_menu_arrow.png]
[moc.sg/wp-content/themes/bridge/css/img/vertical_menu_cross.png]
[moc.sg/wp-content/themes/bridge/css/img/vertical_menu_minus.png]
[moc.sg/wp-content/themes/bridge/css/img/vertical_menu_cross_white.png]
[moc.sg/wp-content/themes/bridge/css/img/vertical_menu_minus_white.png]
[moc.sg/wp-content/themes/bridge/css/img/vertical_menu_cross_black.png]
[moc.sg/wp-content/themes/bridge/css/img/vertical_menu_minus_black.png]
[moc.sg/wp-content/themes/bridge/css/img/vertical_menu_cross@1_5x.png]
[moc.sg/wp-content/themes/bridge/css/img/vertical_menu_minus@1_5x.png]
[moc.sg/wp-content/themes/bridge/css/img/vertical_menu_cross_white@1_5x.png]
[moc.sg/wp-content/themes/bridge/css/img/vertical_menu_minus_white@1_5x.png]
[moc.sg/wp-content/themes/bridge/css/img/vertical_menu_cross_black@1_5x.png]
[moc.sg/wp-content/themes/bridge/css/img/vertical_menu_minus_black@1_5x.png]
[moc.sg/wp-content/themes/bridge/css/img/vertical_menu_cross@2x.png]
[moc.sg/wp-content/themes/bridge/css/img/vertical_menu_minus@2x.png]
[moc.sg/wp-content/themes/bridge/css/img/vertical_menu_cross_white@2x.png]
[moc.sg/wp-content/themes/bridge/css/img/vertical_menu_minus_white@2x.png]
[moc.sg/wp-content/themes/bridge/css/img/vertical_menu_cross_black@2x.png]
[moc.sg/wp-content/themes/bridge/css/stylesheet.min62a7.css]
[moc.sg/wp-content/themes/bridge/css/img/vertical_menu_minus_black@2x.png]
[moc.sg/wp-content/themes/bridge/css/webkit_stylesheet62a7.css]
[moc.sg/wp-content/themes/bridge/css/style_dynamic62a7.css]
[moc.sg/wp-content/themes/bridge/css/responsive.min62a7.css]
[moc.sg/wp-content/themes/bridge/css/style_dynamic_responsive62a7.css]
[moc.sg/wp-content/plugins/js_composer/assets/vc/info.png]
[moc.sg/wp-content/plugins/js_composer/assets/vc/tick.png]
[moc.sg/wp-content/plugins/js_composer/assets/vc/exclamation.png]
[moc.sg/wp-content/plugins/js_composer/assets/images/icons/address-book.png]
[moc.sg/wp-content/plugins/js_composer/assets/images/icons/alarm-clock.png]
[moc.sg/wp-content/plugins/js_composer/assets/images/icons/anchor.png]
[moc.sg/wp-content/plugins/js_composer/assets/images/icons/application-image.png]
[moc.sg/wp-content/plugins/js_composer/assets/images/icons/arrow.png]
[moc.sg/wp-content/plugins/js_composer/assets/images/icons/asterisk.png]
[moc.sg/wp-content/plugins/js_composer/assets/images/icons/auction-hammer.png]
[moc.sg/wp-content/plugins/js_composer/assets/images/icons/balloon.png]
[moc.sg/wp-content/plugins/js_composer/assets/images/icons/balloon-buzz.png]
[moc.sg/wp-content/plugins/js_composer/assets/images/icons/balloon-facebook.png]
[moc.sg/wp-content/plugins/js_composer/assets/images/icons/balloon-twitter.png]
[moc.sg/wp-content/plugins/js_composer/assets/images/icons/battery-full.png]
[moc.sg/wp-content/plugins/js_composer/assets/images/icons/binocular.png]
[moc.sg/wp-content/plugins/js_composer/assets/images/icons/blue-document-excel.png]
[moc.sg/wp-content/plugins/js_composer/assets/images/icons/blue-document-image.png]
[moc.sg/wp-content/plugins/js_composer/assets/images/icons/blue-document-music.png]
[moc.sg/wp-content/plugins/js_composer/assets/images/icons/blue-document-office.png]
[moc.sg/wp-content/plugins/js_composer/assets/images/icons/blue-document-pdf.png]
[moc.sg/wp-content/plugins/js_composer/assets/images/icons/blue-document-powerpoint.png]
[moc.sg/wp-content/plugins/js_composer/assets/images/icons/blue-document-word.png]
[moc.sg/wp-content/plugins/js_composer/assets/images/icons/bookmark.png]
[moc.sg/wp-content/plugins/js_composer/assets/images/icons/camcorder.png]
[moc.sg/wp-content/plugins/js_composer/assets/images/icons/camera.png]
[moc.sg/wp-content/plugins/js_composer/assets/images/icons/chart.png]
[moc.sg/wp-content/plugins/js_composer/assets/images/icons/chart-pie.png]
[moc.sg/wp-content/plugins/js_composer/assets/images/icons/clock.png]
[moc.sg/wp-content/plugins/js_composer/assets/images/icons/control.png]
[moc.sg/wp-content/plugins/js_composer/assets/images/icons/fire.png]
[moc.sg/wp-content/plugins/js_composer/assets/images/icons/heart.png]
[moc.sg/wp-content/plugins/js_composer/assets/images/icons/mail.png]
[moc.sg/wp-content/plugins/js_composer/assets/images/icons/plus-shield.png]
[moc.sg/wp-content/plugins/js_composer/assets/images/icons/video.png]
[moc.sg/wp-content/plugins/js_composer/assets/images/toggle_open.png]
[moc.sg/wp-content/plugins/js_composer/assets/images/toggle_close.png]
[moc.sg/wp-content/plugins/js_composer/assets/images/flickr.png]
[moc.sg/wp-content/plugins/js_composer/assets/fonts/vc_grid/vc_grid_v157a1.eot]
[moc.sg/wp-content/plugins/js_composer/assets/fonts/vc_grid/vc_grid_v1d41d.eot]
[moc.sg/wp-content/plugins/js_composer/assets/fonts/vc_grid/vc_grid_v157a1.woff]
[moc.sg/wp-content/plugins/js_composer/assets/fonts/vc_grid/vc_grid_v157a1.svg]
[moc.sg/wp-content/plugins/js_composer/assets/css/js_composer.minc422.css]
[moc.sg/wp-content/themes/bridge/css/custom_css62a7.css]
[moc.sg/wp-json/oembed/1.0/embed7bae.json]
[moc.sg/story/feed/index.html]
[moc.sg/wp-json/oembed/1.0/embed8357]
[moc.sg/wp-content/uploads/2014/03/story-banner.jpg]
[moc.sg/wp-content/uploads/2015/04/Bizsafe-Level-3.png]
[moc.sg/story/index.html]
[moc.sg/wp-json/oembed/1.0/embed159a.json]
[moc.sg/services/feed/index.html]
[moc.sg/wp-json/oembed/1.0/embed2b1b]
[moc.sg/wp-content/uploads/2014/03/services-banner.jpg]
[moc.sg/wp-content/uploads/2015/04/services-one-time-cleaning.jpg]
[moc.sg/wp-content/uploads/2015/04/services-showroom-cleaning.jpg]
[moc.sg/services/index.html]
[moc.sg/wp-json/oembed/1.0/embedf925.json]
[moc.sg/contract-cleaning/feed/index.html]
[moc.sg/wp-json/oembed/1.0/embedd97b]
[moc.sg/wp-content/uploads/2015/04/services-contract-15-1024x679.jpg]
[moc.sg/wp-content/uploads/2015/04/services-contract-15.jpg]
[moc.sg/wp-content/uploads/2015/04/services-contract-14-1024x679.jpg]
[moc.sg/wp-content/uploads/2015/04/services-contract-14.jpg]
[moc.sg/wp-content/uploads/2015/04/services-contract-13-1024x679.jpg]
[moc.sg/wp-content/uploads/2015/04/services-contract-13.jpg]
[moc.sg/wp-content/uploads/2015/04/services-contract-12-1024x679.jpg]
[moc.sg/wp-content/uploads/2015/04/services-contract-12.jpg]
[moc.sg/wp-content/uploads/2015/04/services-contract-11-1024x684.jpg]
[moc.sg/wp-content/uploads/2015/04/services-contract-11.jpg]
[moc.sg/wp-content/uploads/2015/04/services-contract-10-1024x684.jpg]
[moc.sg/wp-content/uploads/2015/04/services-contract-10.jpg]
[moc.sg/wp-content/uploads/2015/04/services-contract-9-1024x684.jpg]
[moc.sg/wp-content/uploads/2015/04/services-contract-9.jpg]
[moc.sg/wp-content/uploads/2015/04/services-contract-8-1024x684.jpg]
[moc.sg/wp-content/uploads/2015/04/services-contract-7-1024x684.jpg]
[moc.sg/wp-content/uploads/2015/04/services-contract-7.jpg]
[moc.sg/wp-content/uploads/2015/04/services-contract-6-1024x684.jpg]
[moc.sg/wp-content/uploads/2015/04/services-contract-6.jpg]
[moc.sg/wp-content/uploads/2015/04/services-contract-5-1024x684.jpg]
[moc.sg/wp-content/uploads/2015/04/services-contract-5.jpg]
[moc.sg/wp-content/uploads/2015/04/services-contract-4-1024x684.jpg]
[moc.sg/wp-content/uploads/2015/04/services-contract-4.jpg]
[moc.sg/wp-content/uploads/2015/04/services-contract-3-1024x684.jpg]
[moc.sg/wp-content/uploads/2015/04/services-contract-3.jpg]
[moc.sg/wp-content/uploads/2015/04/services-contract-2-1024x684.jpg]
[moc.sg/wp-content/uploads/2015/04/services-contract-2.jpg]
[moc.sg/wp-content/uploads/2015/04/services-contract-1-1024x684.jpg]
[moc.sg/wp-content/uploads/2015/04/services-contract-1.jpg]
[moc.sg/wp-content/plugins/js_composer/assets/lib/bower/nivoslider/nivo-slider.minc422.css]
[moc.sg/wp-content/plugins/js_composer/assets/lib/bower/nivoslider/themes/default/default.minc422.css]
[moc.sg/wp-content/plugins/js_composer/assets/lib/bower/nivoslider/jquery.nivo.slider.packc422.js]
[moc.sg/contract-cleaning/index.html]
[moc.sg/wp-json/oembed/1.0/embed01e9.json]
[moc.sg/one-time-cleaning/feed/index.html]
[moc.sg/wp-json/oembed/1.0/embedabc6]
[moc.sg/wp-content/uploads/2015/04/services-one-time-6-1024x769.jpg]
[moc.sg/wp-content/uploads/2015/04/services-one-time-6.jpg]
[moc.sg/wp-content/uploads/2015/04/services-one-time-5-1024x769.jpg]
[moc.sg/wp-content/uploads/2015/04/services-one-time-5.jpg]
[moc.sg/wp-content/uploads/2015/04/services-one-time-4-1024x745.jpg]
[moc.sg/wp-content/uploads/2015/04/services-one-time-4.jpg]
[moc.sg/wp-content/uploads/2015/04/services-one-time-3-1024x774.jpg]
[moc.sg/wp-content/uploads/2015/04/services-one-time-3.jpg]
[moc.sg/wp-content/uploads/2015/04/services-one-time-2-1024x749.jpg]
[moc.sg/wp-content/uploads/2015/04/services-one-time-2.jpg]
[moc.sg/wp-content/uploads/2015/04/services-one-time-1-1024x769.jpg]
[moc.sg/one-time-cleaning/index.html]
[moc.sg/wp-json/oembed/1.0/embed6def.json]
[moc.sg/office-cleaning/feed/index.html]
[moc.sg/wp-json/oembed/1.0/embed7e80]
[moc.sg/wp-content/uploads/2015/04/services-office-8-1024x802.jpg]
[moc.sg/wp-content/uploads/2015/04/services-office-8.jpg]
[moc.sg/wp-content/uploads/2015/04/services-office-6-1024x942.jpg]
[moc.sg/wp-content/uploads/2015/04/services-office-6.jpg]
[moc.sg/wp-content/uploads/2015/04/services-office-4-1024x842.jpg]
[moc.sg/wp-content/uploads/2015/04/services-office-4.jpg]
[moc.sg/wp-content/uploads/2015/04/services-office-7-726x1024.jpg]
[moc.sg/wp-content/uploads/2015/04/services-office-7.jpg]
[moc.sg/wp-content/uploads/2015/04/services-office-3-718x1024.jpg]
[moc.sg/wp-content/uploads/2015/04/services-office-3.jpg]
[moc.sg/wp-content/uploads/2015/04/services-office-2-796x1024.jpg]
[moc.sg/wp-content/uploads/2015/04/services-office-2.jpg]
[moc.sg/wp-content/uploads/2015/04/services-office-5-758x1024.jpg]
[moc.sg/wp-content/uploads/2015/04/services-office-5.jpg]
[moc.sg/office-cleaning/index.html]
[moc.sg/wp-json/oembed/1.0/embedb5f9.json]
[moc.sg/showroom-cleaning/feed/index.html]
[moc.sg/wp-json/oembed/1.0/embedc263]
[moc.sg/wp-content/uploads/2015/04/services-showroom-11.jpg]
[moc.sg/wp-content/uploads/2015/04/services-showroom-9.jpg]
[moc.sg/wp-content/uploads/2015/04/services-showroom-10.jpg]
[moc.sg/wp-content/uploads/2015/04/services-showroom-8.jpg]
[moc.sg/wp-content/uploads/2015/04/services-showroom-6.jpg]
[moc.sg/wp-content/uploads/2015/04/services-showroom-7.jpg]
[moc.sg/wp-content/uploads/2015/04/services-showroom-5.jpg]
[moc.sg/wp-content/uploads/2015/04/services-showroom-3.jpg]
[moc.sg/wp-content/uploads/2015/04/services-showroom-4.jpg]
[moc.sg/wp-content/uploads/2015/04/services-showroom-1.jpg]
[moc.sg/showroom-cleaning/index.html]
[moc.sg/wp-json/oembed/1.0/embedd05e.json]
[moc.sg/wp-json/oembed/1.0/embedf1e8]
[moc.sg/wp-content/uploads/2015/08/showroom-3-1024x682.jpg]
[moc.sg/wp-content/uploads/2015/08/showroom-1-1024x682.jpg]
[moc.sg/wp-content/uploads/2015/08/showroom-1-600x600.jpg]
[moc.sg/wp-content/uploads/2015/08/showroom-2-600x600.jpg]
[moc.sg/wp-content/uploads/2015/08/showroom-4-600x600.jpg]
[moc.sg/wp-content/uploads/2015/08/showroom-5-600x600.jpg]
[moc.sg/wp-content/uploads/2015/08/showroom-7-1024x682.jpg]
[moc.sg/wp-content/uploads/2015/08/showroom-7-600x600.jpg]
[moc.sg/wp-content/uploads/2015/08/showroom-6-600x600.jpg]
[moc.sg/wp-content/uploads/2015/08/showroom-8-600x600.jpg]
[moc.sg/wp-content/uploads/2015/04/services-one-time-5-600x600.jpg]
[moc.sg/wp-content/uploads/2015/04/services-one-time-4-600x600.jpg]
[moc.sg/wp-content/uploads/2015/04/services-one-time-1-600x600.jpg]
[moc.sg/wp-content/uploads/2015/04/services-showroom-600x600.jpg]
[moc.sg/wp-content/uploads/2015/04/services-one-time-cleaning-600x600.jpg]
[moc.sg/wp-content/uploads/2015/04/services-office-600x585.jpg]
[moc.sg/wp-content/uploads/2015/04/services-office-1-600x600.jpg]
[moc.sg/wp-content/uploads/2015/04/services-office-7-600x600.jpg]
[moc.sg/wp-content/uploads/2015/04/services-office-3-600x600.jpg]
[moc.sg/wp-content/uploads/2015/04/services-office-2-600x600.jpg]
[moc.sg/wp-content/uploads/2015/04/services-contract-cleaning-600x600.jpg]
[moc.sg/wp-content/uploads/2015/04/services-contract-14-600x600.jpg]
[moc.sg/wp-content/uploads/2015/04/services-contract-12-600x600.jpg]
[moc.sg/wp-content/uploads/2015/04/services-contract-10-600x600.jpg]
[moc.sg/wp-content/uploads/2015/04/services-contract-8-600x600.jpg]
[moc.sg/wp-content/uploads/2015/04/services-contract-6-600x600.jpg]
[moc.sg/wp-content/uploads/2015/04/services-contract-4-600x600.jpg]
[moc.sg/wp-content/uploads/2015/04/services-contract-2-600x600.jpg]
[moc.sg/image-gallery/index.html]
[moc.sg/wp-json/oembed/1.0/embede6af.json]
[moc.sg/academy/feed/index.html]
[moc.sg/wp-json/oembed/1.0/embed950b]
[moc.sg/wp-content/uploads/2014/05/imgbox4.jpg]
[moc.sg/wp-content/uploads/2014/05/process21.jpg]
[moc.sg/wp-content/uploads/2014/03/gallery04.jpg]
[moc.sg/academy/index.html]
[moc.sg/wp-json/oembed/1.0/embeddeaa.json]
[moc.sg/contact/feed/index.html]
[moc.sg/wp-json/oembed/1.0/embed5761]
[moc.sg/contact/index.html]
[moc.sg/wp-content/themes/bridge/js/default_dynamic62a7.js]
[moc.sg/wp-content/themes/bridge/js/custom_js62a7.js]
[moc.sg/wp-content/themes/bridge/css/font-awesome/fonts/fontawesome-webfont93e3.html]
[moc.sg/wp-content/themes/bridge/css/font-awesome/fonts/fontawesome-webfont93e3.svg]
[moc.sg/wp-content/themes/bridge/css/elegant-icons/fonts/ElegantIcons.html]
[moc.sg/wp-content/themes/bridge/css/elegant-icons/fonts/ElegantIcons.svg]
[moc.sg/wp-content/themes/bridge/css/img/cursor_plus.html]
[moc.sg/wp-content/themes/bridge/css/img/desaturate.svg]
[moc.sg/wp-content/themes/bridge/images/prettyPhoto/facebook/default_thumbnail.html]
[moc.sg/wp-content/plugins/js_composer/assets/fonts/vc_grid/vc_grid_v157a1.html]
[moc.sg/wp-content/plugins/js_composer/assets/fonts/vc_grid/vc_grid_v157a1.svg]
[moc.sg/indexf447.html]
[moc.sg/indexa52a.html]
[moc.sg/wp-content/uploads/2015/04/services-contract-cleaning.jpg]
[moc.sg/wp-content/themes/bridge/css/elegant-icons/fonts/ElegantIconsd41d.eot]
[moc.sg/wp-content/uploads/2015/04/services-office-cleaning.jpg]
[moc.sg/indexea9d.html]
[moc.sg/wp-content/uploads/2015/04/services-contract-8.jpg]
[moc.sg/wp-content/plugins/js_composer/assets/lib/bower/nivoslider/nivo-slider.minc422.css]
[moc.sg/wp-content/plugins/js_composer/assets/lib/bower/nivoslider/themes/default/loading.gif]
[moc.sg/wp-content/plugins/js_composer/assets/lib/bower/nivoslider/themes/default/bullets.png]
[moc.sg/wp-content/plugins/js_composer/assets/lib/bower/nivoslider/themes/default/arrows.png]
[moc.sg/wp-content/plugins/js_composer/assets/lib/bower/nivoslider/themes/default/default.minc422.css]
[moc.sg/index1161.html]
[moc.sg/wp-content/uploads/2015/04/services-one-time-1.jpg]
[moc.sg/index1fc1.html]
[moc.sg/index7343.html]
[moc.sg/wp-content/uploads/2015/04/services-showroom-2.jpg]
[moc.sg/image-gallery/feed/index.html]
[moc.sg/index1a16.html]
[moc.sg/wp-content/uploads/2015/08/showroom-3-600x600.jpg]
[moc.sg/wp-content/uploads/2015/08/showroom-2-1024x682.jpg]
[moc.sg/wp-content/uploads/2015/08/showroom-4-1024x682.jpg]
[moc.sg/wp-content/uploads/2015/08/showroom-8-1024x682.jpg]
[moc.sg/wp-content/uploads/2015/04/services-one-time-6-600x600.jpg]
[moc.sg/wp-content/uploads/2015/04/services-one-time-2-600x600.jpg]
[moc.sg/wp-content/uploads/2015/04/services-showroom.jpg]
[moc.sg/wp-content/uploads/2015/04/services-showroom-cleaning-600x600.jpg]
[moc.sg/wp-content/uploads/2015/04/services-office.jpg]
[moc.sg/wp-content/uploads/2015/04/services-office-8-600x600.jpg]
[moc.sg/wp-content/uploads/2015/04/services-office-5-600x600.jpg]
[moc.sg/wp-content/uploads/2015/04/services-contract-15-600x600.jpg]
[moc.sg/wp-content/uploads/2015/04/services-contract-11-600x600.jpg]
[moc.sg/wp-content/uploads/2015/04/services-contract-9-600x600.jpg]
[moc.sg/wp-content/uploads/2015/04/services-contract-7-600x600.jpg]
[moc.sg/wp-content/uploads/2015/04/services-contract-3-600x600.jpg]
[moc.sg/index9300.html]
[moc.sg/wp-content/uploads/2014/05/imgbox5.jpg]
[moc.sg/index2ba6.html]
[moc.sg/wp-content/themes/bridge/css/font-awesome/fonts/fontawesome-webfont93e3.svg]
[moc.sg/wp-content/themes/bridge/css/img/box_image_shadow.png]
[128.199.131.159/wp-content/themes/bridge/img/logo_white.png]
[moc.sg/wp-content/uploads/2015/08/showroom-5-1024x682.jpg]
[moc.sg/wp-content/uploads/2015/08/showroom-6-1024x682.jpg]
[moc.sg/wp-content/uploads/2015/04/services-office-1-678x1024.jpg]
[moc.sg/wp-content/uploads/2015/04/services-office-4-600x600.jpg]
[moc.sg/wp-content/uploads/2015/04/services-contract-13-600x600.jpg]
[moc.sg/wp-content/uploads/2015/04/services-contract-5-600x600.jpg]
[moc.sg/wp-content/themes/bridge/css/font-awesome/fonts/fontawesome-webfont93e3.ttf]
[moc.sg/wp-content/plugins/js_composer/assets/vc/alert.png]
[moc.sg/wp-content/uploads/2015/04/services-one-time-3-600x600.jpg]
[moc.sg/wp-content/uploads/2015/04/services-office-6-600x600.jpg]
[moc.sg/wp-content/uploads/2015/04/services-contract-1-600x600.jpg]
[moc.sg/wp-content/themes/bridge/index.html]
